# This file is auto-generated during the composer install
APPEND='new line'
FOO='bar'