# This file is auto-generated during the composer install
FOO='bar'
SOME_VARIABLE='old'